// Jest Snapshot v1, https://goo.gl/fbAQLP

exports[`App should match the snapshot 1`] = `
"<ContextConsumer>
  [function bound indirectRenderWrappedComponent]
</ContextConsumer>"
`;

exports[`App should match the snapshot if loading is true 1`] = `
"<ContextConsumer>
  [function bound indirectRenderWrappedComponent]
</ContextConsumer>"
`;
