// Jest Snapshot v1, https://goo.gl/fbAQLP

exports[`BadPath should match the snapshot 1`] = `
"<div>
  <h2>
    404
  </h2>
  <p>
    This page does not exist
  </p>
</div>"
`;
