// Jest Snapshot v1, https://goo.gl/fbAQLP

exports[`Input should match the snapshot 1`] = `
"<div>
  <input className=\\"new-note-inputs\\" placeholder=\\"description\\" value=\\"\\" onChange={[Function]} onBlur={[Function]} />
</div>"
`;
